RAPPORT DE TESTS MINISHELL - mar 24 jun 2025 01:24:51 CEST
Total: 84 | Réussis: 76 | Échoués: 8 | Taux: 90%

TESTS ÉCHOUÉS:
REDIR_MULTIPLE: echo test > file1.txt > file2.txt (exit: 1)
COMMAND_NOT_FOUND: nonexistent_command_12345 (exit: 0)
FILE_NOT_FOUND: cat nonexistent_file_12345.txt (exit: 0)
QUOTES_UNCLOSED: echo 'unclosed quote (exit: 0)
SYNTAX_PIPE_START: | echo hello (exit: 1)
SYNTAX_PIPE_END: echo hello | (exit: 1)
SYNTAX_REDIR_EMPTY: echo hello > (exit: 1)
SYNTAX_DOUBLE_PIPE: echo hello || echo world (exit: 1)
